*** Reading remote log from S3: s3://airdoctor-data-platform-logs-prod/airflow-logs/cluster=gke-prod-us-central1/dag_id=analytics_daily_etl/task_id=run_dbt_heavy_aggregation/execution_date=2026-09-27T10:00:00+00:00/attempt=1.log
[2026-09-27T10:00:01.120+0000] {taskinstance.py:1165} INFO - Dependencies all met for <TaskInstance: analytics_daily_etl.run_dbt_heavy_aggregation manual__2026-09-27T10:00:00 [queued]>
[2026-09-27T10:00:05.410+0000] {kubernetes_pod.py:488} INFO - Pod spec configured resources: requests={'cpu': '1000m', 'memory': '1024Mi'}, limits={'cpu': '2000m', 'memory': '2048Mi'}
[2026-09-27T10:00:10.220+0000] {pod_manager.py:214} INFO - Pod scheduled on GKE node gke-prod-us-central1-n2-standard-4-pool-8f4b12-x7w9
[2026-09-27T10:00:12.800+0000] {pod_manager.py:315} INFO - [base] Running with dbt=1.8.2, adapter=postgres, threads=4
[2026-09-27T10:00:01.000+0000] {pod_manager.py:315} INFO - [base] Model 1/45 marts.model_01 completed in 3.78s (Current RSS: 1384MiB)
[2026-09-27T10:00:02.000+0000] {pod_manager.py:315} INFO - [base] Model 2/45 marts.model_02 completed in 3.65s (Current RSS: 1388MiB)
[2026-09-27T10:00:03.000+0000] {pod_manager.py:315} INFO - [base] Model 3/45 marts.model_03 completed in 2.45s (Current RSS: 1392MiB)
[2026-09-27T10:00:04.000+0000] {pod_manager.py:315} INFO - [base] Model 4/45 marts.model_04 completed in 4.08s (Current RSS: 1396MiB)
[2026-09-27T10:00:05.000+0000] {pod_manager.py:315} INFO - [base] Model 5/45 marts.model_05 completed in 1.88s (Current RSS: 1400MiB)
[2026-09-27T10:00:06.000+0000] {pod_manager.py:315} INFO - [base] Model 6/45 marts.model_06 completed in 4.15s (Current RSS: 1404MiB)
[2026-09-27T10:00:07.000+0000] {pod_manager.py:315} INFO - [base] Model 7/45 marts.model_07 completed in 3.19s (Current RSS: 1408MiB)
[2026-09-27T10:00:08.000+0000] {pod_manager.py:315} INFO - [base] Model 8/45 marts.model_08 completed in 2.29s (Current RSS: 1412MiB)
[2026-09-27T10:00:09.000+0000] {pod_manager.py:315} INFO - [base] Model 9/45 marts.model_09 completed in 1.56s (Current RSS: 1416MiB)
[2026-09-27T10:01:10.000+0000] {pod_manager.py:315} INFO - [base] Model 10/45 marts.model_10 completed in 3.57s (Current RSS: 1420MiB)
[2026-09-27T10:01:11.000+0000] {pod_manager.py:315} INFO - [base] Model 11/45 marts.model_11 completed in 1.24s (Current RSS: 1424MiB)
[2026-09-27T10:01:12.000+0000] {pod_manager.py:315} INFO - [base] Model 12/45 marts.model_12 completed in 2.26s (Current RSS: 1428MiB)
[2026-09-27T10:01:13.000+0000] {pod_manager.py:315} INFO - [base] Model 13/45 marts.model_13 completed in 1.41s (Current RSS: 1432MiB)
[2026-09-27T10:01:14.000+0000] {pod_manager.py:315} INFO - [base] Model 14/45 marts.model_14 completed in 2.41s (Current RSS: 1436MiB)
[2026-09-27T10:01:15.000+0000] {pod_manager.py:315} INFO - [base] Model 15/45 marts.model_15 completed in 2.99s (Current RSS: 1440MiB)
[2026-09-27T10:01:16.000+0000] {pod_manager.py:315} INFO - [base] Model 16/45 marts.model_16 completed in 2.16s (Current RSS: 1444MiB)
[2026-09-27T10:01:17.000+0000] {pod_manager.py:315} INFO - [base] Model 17/45 marts.model_17 completed in 3.03s (Current RSS: 1448MiB)
[2026-09-27T10:01:18.000+0000] {pod_manager.py:315} INFO - [base] Model 18/45 marts.model_18 completed in 3.62s (Current RSS: 1452MiB)
[2026-09-27T10:01:19.000+0000] {pod_manager.py:315} INFO - [base] Model 19/45 marts.model_19 completed in 2.15s (Current RSS: 1456MiB)
[2026-09-27T10:02:20.000+0000] {pod_manager.py:315} INFO - [base] Model 20/45 marts.model_20 completed in 3.03s (Current RSS: 1460MiB)
[2026-09-27T10:02:21.000+0000] {pod_manager.py:315} INFO - [base] Model 21/45 marts.model_21 completed in 3.6s (Current RSS: 1464MiB)
[2026-09-27T10:02:22.000+0000] {pod_manager.py:315} INFO - [base] Model 22/45 marts.model_22 completed in 1.37s (Current RSS: 1468MiB)
[2026-09-27T10:02:23.000+0000] {pod_manager.py:315} INFO - [base] Model 23/45 marts.model_23 completed in 1.83s (Current RSS: 1472MiB)
[2026-09-27T10:02:24.000+0000] {pod_manager.py:315} INFO - [base] Model 24/45 marts.model_24 completed in 1.41s (Current RSS: 1476MiB)
[2026-09-27T10:02:25.000+0000] {pod_manager.py:315} INFO - [base] Model 25/45 marts.model_25 completed in 1.25s (Current RSS: 1480MiB)
[2026-09-27T10:02:26.000+0000] {pod_manager.py:315} INFO - [base] Model 26/45 marts.model_26 completed in 3.54s (Current RSS: 1484MiB)
[2026-09-27T10:02:27.000+0000] {pod_manager.py:315} INFO - [base] Model 27/45 marts.model_27 completed in 1.58s (Current RSS: 1488MiB)
[2026-09-27T10:02:28.000+0000] {pod_manager.py:315} INFO - [base] Model 28/45 marts.model_28 completed in 1.7s (Current RSS: 1492MiB)
[2026-09-27T10:02:29.000+0000] {pod_manager.py:315} INFO - [base] Model 29/45 marts.model_29 completed in 2.16s (Current RSS: 1496MiB)
[2026-09-27T10:03:30.000+0000] {pod_manager.py:315} INFO - [base] Model 30/45 marts.model_30 completed in 2.91s (Current RSS: 1500MiB)
[2026-09-27T10:03:31.000+0000] {pod_manager.py:315} INFO - [base] Model 31/45 marts.model_31 completed in 2.23s (Current RSS: 1504MiB)
[2026-09-27T10:03:32.000+0000] {pod_manager.py:315} INFO - [base] Model 32/45 marts.model_32 completed in 3.69s (Current RSS: 1508MiB)
[2026-09-27T10:03:33.000+0000] {pod_manager.py:315} INFO - [base] Model 33/45 marts.model_33 completed in 2.68s (Current RSS: 1512MiB)
[2026-09-27T10:03:34.000+0000] {pod_manager.py:315} INFO - [base] Model 34/45 marts.model_34 completed in 3.12s (Current RSS: 1516MiB)
[2026-09-27T10:03:35.000+0000] {pod_manager.py:315} INFO - [base] Model 35/45 marts.model_35 completed in 1.18s (Current RSS: 1520MiB)
[2026-09-27T10:03:36.000+0000] {pod_manager.py:315} INFO - [base] Model 36/45 marts.model_36 completed in 3.34s (Current RSS: 1524MiB)
[2026-09-27T10:03:37.000+0000] {pod_manager.py:315} INFO - [base] Model 37/45 marts.model_37 completed in 2.23s (Current RSS: 1528MiB)
[2026-09-27T10:03:38.000+0000] {pod_manager.py:315} INFO - [base] Model 38/45 marts.model_38 completed in 2.59s (Current RSS: 1532MiB)
[2026-09-27T10:03:39.000+0000] {pod_manager.py:315} INFO - [base] Model 39/45 marts.model_39 completed in 1.83s (Current RSS: 1536MiB)
[2026-09-27T10:04:40.000+0000] {pod_manager.py:315} INFO - [base] Model 40/45 marts.model_40 completed in 4.04s (Current RSS: 1540MiB)
[2026-09-27T10:04:41.000+0000] {pod_manager.py:315} INFO - [base] Model 41/45 marts.model_41 completed in 2.13s (Current RSS: 1544MiB)
[2026-09-27T10:04:42.000+0000] {pod_manager.py:315} INFO - [base] Model 42/45 marts.model_42 completed in 3.3s (Current RSS: 1548MiB)
[2026-09-27T10:04:43.000+0000] {pod_manager.py:315} INFO - [base] Model 43/45 marts.model_43 completed in 1.81s (Current RSS: 1552MiB)
[2026-09-27T10:04:44.000+0000] {pod_manager.py:315} INFO - [base] Model 44/45 marts.model_44 completed in 3.81s (Current RSS: 1556MiB)
[2026-09-27T10:04:45.000+0000] {pod_manager.py:315} INFO - [base] Model 45/45 marts.model_45 completed in 2.75s (Current RSS: 1560MiB)
[2026-09-27T10:08:42.000+0000] {pod_manager.py:315} INFO - [base] Finished running 45 models. Peak container memory RSS: 1560MiB (utilization: 76.2% of 2048Mi limit).
[2026-09-27T10:08:45.000+0000] {taskinstance.py:1406} INFO - Marking task as SUCCESS. exit code: 0