[2026-09-29T12:00:00.000+0000] {taskinstance.py:1165} INFO - Starting task: global_sales_reporting.wait_for_eu_raw_events
[2026-09-29T12:00:00.000+0000] {custom_partition_sensor.py:44} INFO - Checking partition existence: gs://eu-lake-events/raw_transactions/dt=2026-09-29/
[2026-09-29T12:00:47.000+0000] {custom_partition_sensor.py:58} INFO - [Poke 1/150] Checking bucket 'eu-lake-events' prefix 'raw_transactions/dt=2026-09-29/'...
[2026-09-29T12:00:47.000+0000] {custom_partition_sensor.py:65} INFO - [Poke 1/150] GCS prefix listing returned 0 objects. Partition not ready. Sleeping for 45s...
[2026-09-29T12:01:32.000+0000] {custom_partition_sensor.py:58} INFO - [Poke 2/150] Checking bucket 'eu-lake-events' prefix 'raw_transactions/dt=2026-09-29/'...
[2026-09-29T12:01:32.000+0000] {custom_partition_sensor.py:65} INFO - [Poke 2/150] GCS prefix listing returned 0 objects. Partition not ready. Sleeping for 45s...
[2026-09-29T12:02:17.000+0000] {custom_partition_sensor.py:58} INFO - [Poke 3/150] Checking bucket 'eu-lake-events' prefix 'raw_transactions/dt=2026-09-29/'...
[2026-09-29T12:02:17.000+0000] {custom_partition_sensor.py:65} INFO - [Poke 3/150] GCS prefix listing returned 0 objects. Partition not ready. Sleeping for 45s...
[2026-09-29T12:03:02.000+0000] {custom_partition_sensor.py:58} INFO - [Poke 4/150] Checking bucket 'eu-lake-events' prefix 'raw_transactions/dt=2026-09-29/'...
[2026-09-29T12:03:02.000+0000] {custom_partition_sensor.py:65} INFO - [Poke 4/150] GCS prefix listing returned 0 objects. Partition not ready. Sleeping for 45s...
[2026-09-29T12:03:47.000+0000] {custom_partition_sensor.py:58} INFO - [Poke 5/150] Checking bucket 'eu-lake-events' prefix 'raw_transactions/dt=2026-09-29/'...
[2026-09-29T12:03:47.000+0000] {custom_partition_sensor.py:65} INFO - [Poke 5/150] GCS prefix listing returned 0 objects. Partition not ready. Sleeping for 45s...
[2026-09-29T12:04:32.000+0000] {custom_partition_sensor.py:58} INFO - [Poke 6/150] Checking bucket 'eu-lake-events' prefix 'raw_transactions/dt=2026-09-29/'...
[2026-09-29T12:04:32.000+0000] {custom_partition_sensor.py:65} INFO - [Poke 6/150] GCS prefix listing returned 0 objects. Partition not ready. Sleeping for 45s...
[2026-09-29T12:05:17.000+0000] {custom_partition_sensor.py:58} INFO - [Poke 7/150] Checking bucket 'eu-lake-events' prefix 'raw_transactions/dt=2026-09-29/'...
[2026-09-29T12:05:17.000+0000] {custom_partition_sensor.py:65} INFO - [Poke 7/150] GCS prefix listing returned 0 objects. Partition not ready. Sleeping for 45s...
[2026-09-29T12:06:02.000+0000] {custom_partition_sensor.py:58} INFO - [Poke 8/150] Checking bucket 'eu-lake-events' prefix 'raw_transactions/dt=2026-09-29/'...
[2026-09-29T12:06:02.000+0000] {custom_partition_sensor.py:65} INFO - [Poke 8/150] GCS prefix listing returned 0 objects. Partition not ready. Sleeping for 45s...
[2026-09-29T12:06:47.000+0000] {custom_partition_sensor.py:58} INFO - [Poke 9/150] Checking bucket 'eu-lake-events' prefix 'raw_transactions/dt=2026-09-29/'...
[2026-09-29T12:06:47.000+0000] {custom_partition_sensor.py:65} INFO - [Poke 9/150] GCS prefix listing returned 0 objects. Partition not ready. Sleeping for 45s...
[2026-09-29T12:07:32.000+0000] {custom_partition_sensor.py:58} INFO - [Poke 10/150] Checking bucket 'eu-lake-events' prefix 'raw_transactions/dt=2026-09-29/'...
[2026-09-29T12:07:32.000+0000] {custom_partition_sensor.py:65} INFO - [Poke 10/150] GCS prefix listing returned 0 objects. Partition not ready. Sleeping for 45s...
[2026-09-29T12:08:17.000+0000] {custom_partition_sensor.py:58} INFO - [Poke 11/150] Checking bucket 'eu-lake-events' prefix 'raw_transactions/dt=2026-09-29/'...
[2026-09-29T12:08:17.000+0000] {custom_partition_sensor.py:65} INFO - [Poke 11/150] GCS prefix listing returned 0 objects. Partition not ready. Sleeping for 45s...
[2026-09-29T12:09:02.000+0000] {custom_partition_sensor.py:58} INFO - [Poke 12/150] Checking bucket 'eu-lake-events' prefix 'raw_transactions/dt=2026-09-29/'...
[2026-09-29T12:09:02.000+0000] {custom_partition_sensor.py:65} INFO - [Poke 12/150] GCS prefix listing returned 0 objects. Partition not ready. Sleeping for 45s...
[2026-09-29T12:09:47.000+0000] {custom_partition_sensor.py:58} INFO - [Poke 13/150] Checking bucket 'eu-lake-events' prefix 'raw_transactions/dt=2026-09-29/'...
[2026-09-29T12:09:47.000+0000] {custom_partition_sensor.py:65} INFO - [Poke 13/150] GCS prefix listing returned 0 objects. Partition not ready. Sleeping for 45s...
[2026-09-29T12:10:32.000+0000] {custom_partition_sensor.py:58} INFO - [Poke 14/150] Checking bucket 'eu-lake-events' prefix 'raw_transactions/dt=2026-09-29/'...
[2026-09-29T12:10:32.000+0000] {custom_partition_sensor.py:65} INFO - [Poke 14/150] GCS prefix listing returned 0 objects. Partition not ready. Sleeping for 45s...
[2026-09-29T12:11:17.000+0000] {custom_partition_sensor.py:58} INFO - [Poke 15/150] Checking bucket 'eu-lake-events' prefix 'raw_transactions/dt=2026-09-29/'...
[2026-09-29T12:11:17.000+0000] {custom_partition_sensor.py:65} INFO - [Poke 15/150] GCS prefix listing returned 0 objects. Partition not ready. Sleeping for 45s...
[2026-09-29T12:12:02.000+0000] {custom_partition_sensor.py:58} INFO - [Poke 16/150] Checking bucket 'eu-lake-events' prefix 'raw_transactions/dt=2026-09-29/'...
[2026-09-29T12:12:02.000+0000] {custom_partition_sensor.py:65} INFO - [Poke 16/150] GCS prefix listing returned 0 objects. Partition not ready. Sleeping for 45s...
[2026-09-29T12:12:47.000+0000] {custom_partition_sensor.py:58} INFO - [Poke 17/150] Checking bucket 'eu-lake-events' prefix 'raw_transactions/dt=2026-09-29/'...
[2026-09-29T12:12:47.000+0000] {custom_partition_sensor.py:65} INFO - [Poke 17/150] GCS prefix listing returned 0 objects. Partition not ready. Sleeping for 45s...
[2026-09-29T12:13:32.000+0000] {custom_partition_sensor.py:58} INFO - [Poke 18/150] Checking bucket 'eu-lake-events' prefix 'raw_transactions/dt=2026-09-29/'...
[2026-09-29T12:13:32.000+0000] {custom_partition_sensor.py:65} INFO - [Poke 18/150] GCS prefix listing returned 0 objects. Partition not ready. Sleeping for 45s...
[2026-09-29T12:14:17.000+0000] {custom_partition_sensor.py:58} INFO - [Poke 19/150] Checking bucket 'eu-lake-events' prefix 'raw_transactions/dt=2026-09-29/'...
[2026-09-29T12:14:17.000+0000] {custom_partition_sensor.py:65} INFO - [Poke 19/150] GCS prefix listing returned 0 objects. Partition not ready. Sleeping for 45s...
[2026-09-29T12:15:02.000+0000] {custom_partition_sensor.py:58} INFO - [Poke 20/150] Checking bucket 'eu-lake-events' prefix 'raw_transactions/dt=2026-09-29/'...
[2026-09-29T12:15:02.000+0000] {custom_partition_sensor.py:65} INFO - [Poke 20/150] GCS prefix listing returned 0 objects. Partition not ready. Sleeping for 45s...
[2026-09-29T12:15:47.000+0000] {custom_partition_sensor.py:58} INFO - [Poke 21/150] Checking bucket 'eu-lake-events' prefix 'raw_transactions/dt=2026-09-29/'...
[2026-09-29T12:15:47.000+0000] {custom_partition_sensor.py:65} INFO - [Poke 21/150] GCS prefix listing returned 0 objects. Partition not ready. Sleeping for 45s...
[2026-09-29T12:16:32.000+0000] {custom_partition_sensor.py:58} INFO - [Poke 22/150] Checking bucket 'eu-lake-events' prefix 'raw_transactions/dt=2026-09-29/'...
[2026-09-29T12:16:32.000+0000] {custom_partition_sensor.py:65} INFO - [Poke 22/150] GCS prefix listing returned 0 objects. Partition not ready. Sleeping for 45s...
[2026-09-29T12:17:17.000+0000] {custom_partition_sensor.py:58} INFO - [Poke 23/150] Checking bucket 'eu-lake-events' prefix 'raw_transactions/dt=2026-09-29/'...
[2026-09-29T12:17:17.000+0000] {custom_partition_sensor.py:65} INFO - [Poke 23/150] GCS prefix listing returned 0 objects. Partition not ready. Sleeping for 45s...
[2026-09-29T12:18:02.000+0000] {custom_partition_sensor.py:58} INFO - [Poke 24/150] Checking bucket 'eu-lake-events' prefix 'raw_transactions/dt=2026-09-29/'...
[2026-09-29T12:18:02.000+0000] {custom_partition_sensor.py:65} INFO - [Poke 24/150] GCS prefix listing returned 0 objects. Partition not ready. Sleeping for 45s...
[2026-09-29T12:18:47.000+0000] {custom_partition_sensor.py:58} INFO - [Poke 25/150] Checking bucket 'eu-lake-events' prefix 'raw_transactions/dt=2026-09-29/'...
[2026-09-29T12:18:47.000+0000] {custom_partition_sensor.py:65} INFO - [Poke 25/150] GCS prefix listing returned 0 objects. Partition not ready. Sleeping for 45s...
[2026-09-29T12:19:32.000+0000] {custom_partition_sensor.py:58} INFO - [Poke 26/150] Checking bucket 'eu-lake-events' prefix 'raw_transactions/dt=2026-09-29/'...
[2026-09-29T12:19:32.000+0000] {custom_partition_sensor.py:65} INFO - [Poke 26/150] GCS prefix listing returned 0 objects. Partition not ready. Sleeping for 45s...
[2026-09-29T12:20:17.000+0000] {custom_partition_sensor.py:58} INFO - [Poke 27/150] Checking bucket 'eu-lake-events' prefix 'raw_transactions/dt=2026-09-29/'...
[2026-09-29T12:20:17.000+0000] {custom_partition_sensor.py:65} INFO - [Poke 27/150] GCS prefix listing returned 0 objects. Partition not ready. Sleeping for 45s...
[2026-09-29T12:21:02.000+0000] {custom_partition_sensor.py:58} INFO - [Poke 28/150] Checking bucket 'eu-lake-events' prefix 'raw_transactions/dt=2026-09-29/'...
[2026-09-29T12:21:02.000+0000] {custom_partition_sensor.py:65} INFO - [Poke 28/150] GCS prefix listing returned 0 objects. Partition not ready. Sleeping for 45s...
[2026-09-29T12:21:47.000+0000] {custom_partition_sensor.py:58} INFO - [Poke 29/150] Checking bucket 'eu-lake-events' prefix 'raw_transactions/dt=2026-09-29/'...
[2026-09-29T12:21:47.000+0000] {custom_partition_sensor.py:65} INFO - [Poke 29/150] GCS prefix listing returned 0 objects. Partition not ready. Sleeping for 45s...
[2026-09-29T12:22:32.000+0000] {custom_partition_sensor.py:58} INFO - [Poke 30/150] Checking bucket 'eu-lake-events' prefix 'raw_transactions/dt=2026-09-29/'...
[2026-09-29T12:22:32.000+0000] {custom_partition_sensor.py:65} INFO - [Poke 30/150] GCS prefix listing returned 0 objects. Partition not ready. Sleeping for 45s...
[2026-09-29T12:23:17.000+0000] {custom_partition_sensor.py:58} INFO - [Poke 31/150] Checking bucket 'eu-lake-events' prefix 'raw_transactions/dt=2026-09-29/'...
[2026-09-29T12:23:17.000+0000] {custom_partition_sensor.py:65} INFO - [Poke 31/150] GCS prefix listing returned 0 objects. Partition not ready. Sleeping for 45s...
[2026-09-29T12:24:02.000+0000] {custom_partition_sensor.py:58} INFO - [Poke 32/150] Checking bucket 'eu-lake-events' prefix 'raw_transactions/dt=2026-09-29/'...
[2026-09-29T12:24:02.000+0000] {custom_partition_sensor.py:65} INFO - [Poke 32/150] GCS prefix listing returned 0 objects. Partition not ready. Sleeping for 45s...
[2026-09-29T12:24:47.000+0000] {custom_partition_sensor.py:58} INFO - [Poke 33/150] Checking bucket 'eu-lake-events' prefix 'raw_transactions/dt=2026-09-29/'...
[2026-09-29T12:24:47.000+0000] {custom_partition_sensor.py:65} INFO - [Poke 33/150] GCS prefix listing returned 0 objects. Partition not ready. Sleeping for 45s...
[2026-09-29T12:25:32.000+0000] {custom_partition_sensor.py:58} INFO - [Poke 34/150] Checking bucket 'eu-lake-events' prefix 'raw_transactions/dt=2026-09-29/'...
[2026-09-29T12:25:32.000+0000] {custom_partition_sensor.py:65} INFO - [Poke 34/150] GCS prefix listing returned 0 objects. Partition not ready. Sleeping for 45s...
[2026-09-29T12:26:17.000+0000] {custom_partition_sensor.py:58} INFO - [Poke 35/150] Checking bucket 'eu-lake-events' prefix 'raw_transactions/dt=2026-09-29/'...
[2026-09-29T12:26:17.000+0000] {custom_partition_sensor.py:65} INFO - [Poke 35/150] GCS prefix listing returned 0 objects. Partition not ready. Sleeping for 45s...
[2026-09-29T12:27:02.000+0000] {custom_partition_sensor.py:58} INFO - [Poke 36/150] Checking bucket 'eu-lake-events' prefix 'raw_transactions/dt=2026-09-29/'...
[2026-09-29T12:27:02.000+0000] {custom_partition_sensor.py:65} INFO - [Poke 36/150] GCS prefix listing returned 0 objects. Partition not ready. Sleeping for 45s...
[2026-09-29T12:27:47.000+0000] {custom_partition_sensor.py:58} INFO - [Poke 37/150] Checking bucket 'eu-lake-events' prefix 'raw_transactions/dt=2026-09-29/'...
[2026-09-29T12:27:47.000+0000] {custom_partition_sensor.py:65} INFO - [Poke 37/150] GCS prefix listing returned 0 objects. Partition not ready. Sleeping for 45s...
[2026-09-29T12:28:32.000+0000] {custom_partition_sensor.py:58} INFO - [Poke 38/150] Checking bucket 'eu-lake-events' prefix 'raw_transactions/dt=2026-09-29/'...
[2026-09-29T12:28:32.000+0000] {custom_partition_sensor.py:65} INFO - [Poke 38/150] GCS prefix listing returned 0 objects. Partition not ready. Sleeping for 45s...
[2026-09-29T12:29:17.000+0000] {custom_partition_sensor.py:58} INFO - [Poke 39/150] Checking bucket 'eu-lake-events' prefix 'raw_transactions/dt=2026-09-29/'...
[2026-09-29T12:29:17.000+0000] {custom_partition_sensor.py:65} INFO - [Poke 39/150] GCS prefix listing returned 0 objects. Partition not ready. Sleeping for 45s...
[2026-09-29T12:30:02.000+0000] {custom_partition_sensor.py:58} INFO - [Poke 40/150] Checking bucket 'eu-lake-events' prefix 'raw_transactions/dt=2026-09-29/'...
[2026-09-29T12:30:02.000+0000] {custom_partition_sensor.py:65} INFO - [Poke 40/150] GCS prefix listing returned 0 objects. Partition not ready. Sleeping for 45s...
[2026-09-29T12:30:47.000+0000] {custom_partition_sensor.py:58} INFO - [Poke 41/150] Checking bucket 'eu-lake-events' prefix 'raw_transactions/dt=2026-09-29/'...
[2026-09-29T12:30:47.000+0000] {custom_partition_sensor.py:65} INFO - [Poke 41/150] GCS prefix listing returned 0 objects. Partition not ready. Sleeping for 45s...
[2026-09-29T12:31:32.000+0000] {custom_partition_sensor.py:58} INFO - [Poke 42/150] Checking bucket 'eu-lake-events' prefix 'raw_transactions/dt=2026-09-29/'...
[2026-09-29T12:31:32.000+0000] {custom_partition_sensor.py:65} INFO - [Poke 42/150] GCS prefix listing returned 0 objects. Partition not ready. Sleeping for 45s...
[2026-09-29T12:32:17.000+0000] {custom_partition_sensor.py:58} INFO - [Poke 43/150] Checking bucket 'eu-lake-events' prefix 'raw_transactions/dt=2026-09-29/'...
[2026-09-29T12:32:17.000+0000] {custom_partition_sensor.py:65} INFO - [Poke 43/150] GCS prefix listing returned 0 objects. Partition not ready. Sleeping for 45s...
[2026-09-29T12:33:02.000+0000] {custom_partition_sensor.py:58} INFO - [Poke 44/150] Checking bucket 'eu-lake-events' prefix 'raw_transactions/dt=2026-09-29/'...
[2026-09-29T12:33:02.000+0000] {custom_partition_sensor.py:65} INFO - [Poke 44/150] GCS prefix listing returned 0 objects. Partition not ready. Sleeping for 45s...
[2026-09-29T12:33:47.000+0000] {custom_partition_sensor.py:58} INFO - [Poke 45/150] Checking bucket 'eu-lake-events' prefix 'raw_transactions/dt=2026-09-29/'...
[2026-09-29T12:33:47.000+0000] {custom_partition_sensor.py:65} INFO - [Poke 45/150] GCS prefix listing returned 0 objects. Partition not ready. Sleeping for 45s...
[2026-09-29T12:34:32.000+0000] {custom_partition_sensor.py:58} INFO - [Poke 46/150] Checking bucket 'eu-lake-events' prefix 'raw_transactions/dt=2026-09-29/'...
[2026-09-29T12:34:32.000+0000] {custom_partition_sensor.py:65} INFO - [Poke 46/150] GCS prefix listing returned 0 objects. Partition not ready. Sleeping for 45s...
[2026-09-29T12:35:17.000+0000] {custom_partition_sensor.py:58} INFO - [Poke 47/150] Checking bucket 'eu-lake-events' prefix 'raw_transactions/dt=2026-09-29/'...
[2026-09-29T12:35:17.000+0000] {custom_partition_sensor.py:65} INFO - [Poke 47/150] GCS prefix listing returned 0 objects. Partition not ready. Sleeping for 45s...
[2026-09-29T12:36:02.000+0000] {custom_partition_sensor.py:58} INFO - [Poke 48/150] Checking bucket 'eu-lake-events' prefix 'raw_transactions/dt=2026-09-29/'...
[2026-09-29T12:36:02.000+0000] {custom_partition_sensor.py:65} INFO - [Poke 48/150] GCS prefix listing returned 0 objects. Partition not ready. Sleeping for 45s...
[2026-09-29T12:36:47.000+0000] {custom_partition_sensor.py:58} INFO - [Poke 49/150] Checking bucket 'eu-lake-events' prefix 'raw_transactions/dt=2026-09-29/'...
[2026-09-29T12:36:47.000+0000] {custom_partition_sensor.py:65} INFO - [Poke 49/150] GCS prefix listing returned 0 objects. Partition not ready. Sleeping for 45s...
[2026-09-29T12:37:32.000+0000] {custom_partition_sensor.py:58} INFO - [Poke 50/150] Checking bucket 'eu-lake-events' prefix 'raw_transactions/dt=2026-09-29/'...
[2026-09-29T12:37:32.000+0000] {custom_partition_sensor.py:65} INFO - [Poke 50/150] GCS prefix listing returned 0 objects. Partition not ready. Sleeping for 45s...
[2026-09-29T12:38:17.000+0000] {custom_partition_sensor.py:58} INFO - [Poke 51/150] Checking bucket 'eu-lake-events' prefix 'raw_transactions/dt=2026-09-29/'...
[2026-09-29T12:38:17.000+0000] {custom_partition_sensor.py:65} INFO - [Poke 51/150] GCS prefix listing returned 0 objects. Partition not ready. Sleeping for 45s...
[2026-09-29T12:39:02.000+0000] {custom_partition_sensor.py:58} INFO - [Poke 52/150] Checking bucket 'eu-lake-events' prefix 'raw_transactions/dt=2026-09-29/'...
[2026-09-29T12:39:02.000+0000] {custom_partition_sensor.py:65} INFO - [Poke 52/150] GCS prefix listing returned 0 objects. Partition not ready. Sleeping for 45s...
[2026-09-29T12:39:47.000+0000] {custom_partition_sensor.py:58} INFO - [Poke 53/150] Checking bucket 'eu-lake-events' prefix 'raw_transactions/dt=2026-09-29/'...
[2026-09-29T12:39:47.000+0000] {custom_partition_sensor.py:65} INFO - [Poke 53/150] GCS prefix listing returned 0 objects. Partition not ready. Sleeping for 45s...
[2026-09-29T12:40:32.000+0000] {custom_partition_sensor.py:58} INFO - [Poke 54/150] Checking bucket 'eu-lake-events' prefix 'raw_transactions/dt=2026-09-29/'...
[2026-09-29T12:40:32.000+0000] {custom_partition_sensor.py:65} INFO - [Poke 54/150] GCS prefix listing returned 0 objects. Partition not ready. Sleeping for 45s...
[2026-09-29T12:41:17.000+0000] {custom_partition_sensor.py:58} INFO - [Poke 55/150] Checking bucket 'eu-lake-events' prefix 'raw_transactions/dt=2026-09-29/'...
[2026-09-29T12:41:17.000+0000] {custom_partition_sensor.py:65} INFO - [Poke 55/150] GCS prefix listing returned 0 objects. Partition not ready. Sleeping for 45s...
[2026-09-29T12:42:02.000+0000] {custom_partition_sensor.py:58} INFO - [Poke 56/150] Checking bucket 'eu-lake-events' prefix 'raw_transactions/dt=2026-09-29/'...
[2026-09-29T12:42:02.000+0000] {custom_partition_sensor.py:65} INFO - [Poke 56/150] GCS prefix listing returned 0 objects. Partition not ready. Sleeping for 45s...
[2026-09-29T12:42:47.000+0000] {custom_partition_sensor.py:58} INFO - [Poke 57/150] Checking bucket 'eu-lake-events' prefix 'raw_transactions/dt=2026-09-29/'...
[2026-09-29T12:42:47.000+0000] {custom_partition_sensor.py:65} INFO - [Poke 57/150] GCS prefix listing returned 0 objects. Partition not ready. Sleeping for 45s...
[2026-09-29T12:43:32.000+0000] {custom_partition_sensor.py:58} INFO - [Poke 58/150] Checking bucket 'eu-lake-events' prefix 'raw_transactions/dt=2026-09-29/'...
[2026-09-29T12:43:32.000+0000] {custom_partition_sensor.py:65} INFO - [Poke 58/150] GCS prefix listing returned 0 objects. Partition not ready. Sleeping for 45s...
[2026-09-29T12:44:17.000+0000] {custom_partition_sensor.py:58} INFO - [Poke 59/150] Checking bucket 'eu-lake-events' prefix 'raw_transactions/dt=2026-09-29/'...
[2026-09-29T12:44:17.000+0000] {custom_partition_sensor.py:65} INFO - [Poke 59/150] GCS prefix listing returned 0 objects. Partition not ready. Sleeping for 45s...
[2026-09-29T12:45:02.000+0000] {custom_partition_sensor.py:58} INFO - [Poke 60/150] Checking bucket 'eu-lake-events' prefix 'raw_transactions/dt=2026-09-29/'...
[2026-09-29T12:45:02.000+0000] {custom_partition_sensor.py:65} INFO - [Poke 60/150] GCS prefix listing returned 0 objects. Partition not ready. Sleeping for 45s...
[2026-09-29T12:45:47.000+0000] {custom_partition_sensor.py:58} INFO - [Poke 61/150] Checking bucket 'eu-lake-events' prefix 'raw_transactions/dt=2026-09-29/'...
[2026-09-29T12:45:47.000+0000] {custom_partition_sensor.py:65} INFO - [Poke 61/150] GCS prefix listing returned 0 objects. Partition not ready. Sleeping for 45s...
[2026-09-29T12:46:32.000+0000] {custom_partition_sensor.py:58} INFO - [Poke 62/150] Checking bucket 'eu-lake-events' prefix 'raw_transactions/dt=2026-09-29/'...
[2026-09-29T12:46:32.000+0000] {custom_partition_sensor.py:65} INFO - [Poke 62/150] GCS prefix listing returned 0 objects. Partition not ready. Sleeping for 45s...
[2026-09-29T12:47:17.000+0000] {custom_partition_sensor.py:58} INFO - [Poke 63/150] Checking bucket 'eu-lake-events' prefix 'raw_transactions/dt=2026-09-29/'...
[2026-09-29T12:47:17.000+0000] {custom_partition_sensor.py:65} INFO - [Poke 63/150] GCS prefix listing returned 0 objects. Partition not ready. Sleeping for 45s...
[2026-09-29T12:48:02.000+0000] {custom_partition_sensor.py:58} INFO - [Poke 64/150] Checking bucket 'eu-lake-events' prefix 'raw_transactions/dt=2026-09-29/'...
[2026-09-29T12:48:02.000+0000] {custom_partition_sensor.py:65} INFO - [Poke 64/150] GCS prefix listing returned 0 objects. Partition not ready. Sleeping for 45s...
[2026-09-29T12:48:47.000+0000] {custom_partition_sensor.py:58} INFO - [Poke 65/150] Checking bucket 'eu-lake-events' prefix 'raw_transactions/dt=2026-09-29/'...
[2026-09-29T12:48:47.000+0000] {custom_partition_sensor.py:65} INFO - [Poke 65/150] GCS prefix listing returned 0 objects. Partition not ready. Sleeping for 45s...
[2026-09-29T12:49:32.000+0000] {custom_partition_sensor.py:58} INFO - [Poke 66/150] Checking bucket 'eu-lake-events' prefix 'raw_transactions/dt=2026-09-29/'...
[2026-09-29T12:49:32.000+0000] {custom_partition_sensor.py:65} INFO - [Poke 66/150] GCS prefix listing returned 0 objects. Partition not ready. Sleeping for 45s...
[2026-09-29T12:50:17.000+0000] {custom_partition_sensor.py:58} INFO - [Poke 67/150] Checking bucket 'eu-lake-events' prefix 'raw_transactions/dt=2026-09-29/'...
[2026-09-29T12:50:17.000+0000] {custom_partition_sensor.py:65} INFO - [Poke 67/150] GCS prefix listing returned 0 objects. Partition not ready. Sleeping for 45s...
[2026-09-29T12:51:02.000+0000] {custom_partition_sensor.py:58} INFO - [Poke 68/150] Checking bucket 'eu-lake-events' prefix 'raw_transactions/dt=2026-09-29/'...
[2026-09-29T12:51:02.000+0000] {custom_partition_sensor.py:65} INFO - [Poke 68/150] GCS prefix listing returned 0 objects. Partition not ready. Sleeping for 45s...
[2026-09-29T12:51:47.000+0000] {custom_partition_sensor.py:58} INFO - [Poke 69/150] Checking bucket 'eu-lake-events' prefix 'raw_transactions/dt=2026-09-29/'...
[2026-09-29T12:51:47.000+0000] {custom_partition_sensor.py:65} INFO - [Poke 69/150] GCS prefix listing returned 0 objects. Partition not ready. Sleeping for 45s...
[2026-09-29T12:52:32.000+0000] {custom_partition_sensor.py:58} INFO - [Poke 70/150] Checking bucket 'eu-lake-events' prefix 'raw_transactions/dt=2026-09-29/'...
[2026-09-29T12:52:32.000+0000] {custom_partition_sensor.py:65} INFO - [Poke 70/150] GCS prefix listing returned 0 objects. Partition not ready. Sleeping for 45s...
[2026-09-29T12:53:17.000+0000] {custom_partition_sensor.py:58} INFO - [Poke 71/150] Checking bucket 'eu-lake-events' prefix 'raw_transactions/dt=2026-09-29/'...
[2026-09-29T12:53:17.000+0000] {custom_partition_sensor.py:65} INFO - [Poke 71/150] GCS prefix listing returned 0 objects. Partition not ready. Sleeping for 45s...
[2026-09-29T12:54:02.000+0000] {custom_partition_sensor.py:58} INFO - [Poke 72/150] Checking bucket 'eu-lake-events' prefix 'raw_transactions/dt=2026-09-29/'...
[2026-09-29T12:54:02.000+0000] {custom_partition_sensor.py:65} INFO - [Poke 72/150] GCS prefix listing returned 0 objects. Partition not ready. Sleeping for 45s...
[2026-09-29T12:54:47.000+0000] {custom_partition_sensor.py:58} INFO - [Poke 73/150] Checking bucket 'eu-lake-events' prefix 'raw_transactions/dt=2026-09-29/'...
[2026-09-29T12:54:47.000+0000] {custom_partition_sensor.py:65} INFO - [Poke 73/150] GCS prefix listing returned 0 objects. Partition not ready. Sleeping for 45s...
[2026-09-29T12:55:32.000+0000] {custom_partition_sensor.py:58} INFO - [Poke 74/150] Checking bucket 'eu-lake-events' prefix 'raw_transactions/dt=2026-09-29/'...
[2026-09-29T12:55:32.000+0000] {custom_partition_sensor.py:65} INFO - [Poke 74/150] GCS prefix listing returned 0 objects. Partition not ready. Sleeping for 45s...
[2026-09-29T12:56:17.000+0000] {custom_partition_sensor.py:58} INFO - [Poke 75/150] Checking bucket 'eu-lake-events' prefix 'raw_transactions/dt=2026-09-29/'...
[2026-09-29T12:56:17.000+0000] {custom_partition_sensor.py:65} INFO - [Poke 75/150] GCS prefix listing returned 0 objects. Partition not ready. Sleeping for 45s...
[2026-09-29T12:57:02.000+0000] {custom_partition_sensor.py:58} INFO - [Poke 76/150] Checking bucket 'eu-lake-events' prefix 'raw_transactions/dt=2026-09-29/'...
[2026-09-29T12:57:02.000+0000] {custom_partition_sensor.py:65} INFO - [Poke 76/150] GCS prefix listing returned 0 objects. Partition not ready. Sleeping for 45s...
[2026-09-29T12:57:47.000+0000] {custom_partition_sensor.py:58} INFO - [Poke 77/150] Checking bucket 'eu-lake-events' prefix 'raw_transactions/dt=2026-09-29/'...
[2026-09-29T12:57:47.000+0000] {custom_partition_sensor.py:65} INFO - [Poke 77/150] GCS prefix listing returned 0 objects. Partition not ready. Sleeping for 45s...
[2026-09-29T12:58:32.000+0000] {custom_partition_sensor.py:58} INFO - [Poke 78/150] Checking bucket 'eu-lake-events' prefix 'raw_transactions/dt=2026-09-29/'...
[2026-09-29T12:58:32.000+0000] {custom_partition_sensor.py:65} INFO - [Poke 78/150] GCS prefix listing returned 0 objects. Partition not ready. Sleeping for 45s...
[2026-09-29T12:59:17.000+0000] {custom_partition_sensor.py:58} INFO - [Poke 79/150] Checking bucket 'eu-lake-events' prefix 'raw_transactions/dt=2026-09-29/'...
[2026-09-29T12:59:17.000+0000] {custom_partition_sensor.py:65} INFO - [Poke 79/150] GCS prefix listing returned 0 objects. Partition not ready. Sleeping for 45s...
[2026-09-29T13:00:02.000+0000] {custom_partition_sensor.py:58} INFO - [Poke 80/150] Checking bucket 'eu-lake-events' prefix 'raw_transactions/dt=2026-09-29/'...
[2026-09-29T13:00:02.000+0000] {custom_partition_sensor.py:65} INFO - [Poke 80/150] GCS prefix listing returned 0 objects. Partition not ready. Sleeping for 45s...
[2026-09-29T13:00:47.000+0000] {custom_partition_sensor.py:58} INFO - [Poke 81/150] Checking bucket 'eu-lake-events' prefix 'raw_transactions/dt=2026-09-29/'...
[2026-09-29T13:00:47.000+0000] {custom_partition_sensor.py:65} INFO - [Poke 81/150] GCS prefix listing returned 0 objects. Partition not ready. Sleeping for 45s...
[2026-09-29T13:01:32.000+0000] {custom_partition_sensor.py:58} INFO - [Poke 82/150] Checking bucket 'eu-lake-events' prefix 'raw_transactions/dt=2026-09-29/'...
[2026-09-29T13:01:32.000+0000] {custom_partition_sensor.py:65} INFO - [Poke 82/150] GCS prefix listing returned 0 objects. Partition not ready. Sleeping for 45s...
[2026-09-29T13:02:17.000+0000] {custom_partition_sensor.py:58} INFO - [Poke 83/150] Checking bucket 'eu-lake-events' prefix 'raw_transactions/dt=2026-09-29/'...
[2026-09-29T13:02:17.000+0000] {custom_partition_sensor.py:65} INFO - [Poke 83/150] GCS prefix listing returned 0 objects. Partition not ready. Sleeping for 45s...
[2026-09-29T13:03:02.000+0000] {custom_partition_sensor.py:58} INFO - [Poke 84/150] Checking bucket 'eu-lake-events' prefix 'raw_transactions/dt=2026-09-29/'...
[2026-09-29T13:03:02.000+0000] {custom_partition_sensor.py:65} INFO - [Poke 84/150] GCS prefix listing returned 0 objects. Partition not ready. Sleeping for 45s...
[2026-09-29T13:03:47.000+0000] {custom_partition_sensor.py:58} INFO - [Poke 85/150] Checking bucket 'eu-lake-events' prefix 'raw_transactions/dt=2026-09-29/'...
[2026-09-29T13:03:47.000+0000] {custom_partition_sensor.py:65} INFO - [Poke 85/150] GCS prefix listing returned 0 objects. Partition not ready. Sleeping for 45s...
[2026-09-29T13:04:32.000+0000] {custom_partition_sensor.py:58} INFO - [Poke 86/150] Checking bucket 'eu-lake-events' prefix 'raw_transactions/dt=2026-09-29/'...
[2026-09-29T13:04:32.000+0000] {custom_partition_sensor.py:65} INFO - [Poke 86/150] GCS prefix listing returned 0 objects. Partition not ready. Sleeping for 45s...
[2026-09-29T13:05:17.000+0000] {custom_partition_sensor.py:58} INFO - [Poke 87/150] Checking bucket 'eu-lake-events' prefix 'raw_transactions/dt=2026-09-29/'...
[2026-09-29T13:05:17.000+0000] {custom_partition_sensor.py:65} INFO - [Poke 87/150] GCS prefix listing returned 0 objects. Partition not ready. Sleeping for 45s...
[2026-09-29T13:06:02.000+0000] {custom_partition_sensor.py:58} INFO - [Poke 88/150] Checking bucket 'eu-lake-events' prefix 'raw_transactions/dt=2026-09-29/'...
[2026-09-29T13:06:02.000+0000] {custom_partition_sensor.py:65} INFO - [Poke 88/150] GCS prefix listing returned 0 objects. Partition not ready. Sleeping for 45s...
[2026-09-29T13:06:47.000+0000] {custom_partition_sensor.py:58} INFO - [Poke 89/150] Checking bucket 'eu-lake-events' prefix 'raw_transactions/dt=2026-09-29/'...
[2026-09-29T13:06:47.000+0000] {custom_partition_sensor.py:65} INFO - [Poke 89/150] GCS prefix listing returned 0 objects. Partition not ready. Sleeping for 45s...
[2026-09-29T13:07:32.000+0000] {custom_partition_sensor.py:58} INFO - [Poke 90/150] Checking bucket 'eu-lake-events' prefix 'raw_transactions/dt=2026-09-29/'...
[2026-09-29T13:07:32.000+0000] {custom_partition_sensor.py:65} INFO - [Poke 90/150] GCS prefix listing returned 0 objects. Partition not ready. Sleeping for 45s...
[2026-09-29T13:08:17.000+0000] {custom_partition_sensor.py:58} INFO - [Poke 91/150] Checking bucket 'eu-lake-events' prefix 'raw_transactions/dt=2026-09-29/'...
[2026-09-29T13:08:17.000+0000] {custom_partition_sensor.py:65} INFO - [Poke 91/150] GCS prefix listing returned 0 objects. Partition not ready. Sleeping for 45s...
[2026-09-29T13:09:02.000+0000] {custom_partition_sensor.py:58} INFO - [Poke 92/150] Checking bucket 'eu-lake-events' prefix 'raw_transactions/dt=2026-09-29/'...
[2026-09-29T13:09:02.000+0000] {custom_partition_sensor.py:65} INFO - [Poke 92/150] GCS prefix listing returned 0 objects. Partition not ready. Sleeping for 45s...
[2026-09-29T13:09:47.000+0000] {custom_partition_sensor.py:58} INFO - [Poke 93/150] Checking bucket 'eu-lake-events' prefix 'raw_transactions/dt=2026-09-29/'...
[2026-09-29T13:09:47.000+0000] {custom_partition_sensor.py:65} INFO - [Poke 93/150] GCS prefix listing returned 0 objects. Partition not ready. Sleeping for 45s...
[2026-09-29T13:10:32.000+0000] {custom_partition_sensor.py:58} INFO - [Poke 94/150] Checking bucket 'eu-lake-events' prefix 'raw_transactions/dt=2026-09-29/'...
[2026-09-29T13:10:32.000+0000] {custom_partition_sensor.py:65} INFO - [Poke 94/150] GCS prefix listing returned 0 objects. Partition not ready. Sleeping for 45s...
[2026-09-29T13:11:17.000+0000] {custom_partition_sensor.py:58} INFO - [Poke 95/150] Checking bucket 'eu-lake-events' prefix 'raw_transactions/dt=2026-09-29/'...
[2026-09-29T13:11:17.000+0000] {custom_partition_sensor.py:65} INFO - [Poke 95/150] GCS prefix listing returned 0 objects. Partition not ready. Sleeping for 45s...
[2026-09-29T13:12:02.000+0000] {custom_partition_sensor.py:58} INFO - [Poke 96/150] Checking bucket 'eu-lake-events' prefix 'raw_transactions/dt=2026-09-29/'...
[2026-09-29T13:12:02.000+0000] {custom_partition_sensor.py:65} INFO - [Poke 96/150] GCS prefix listing returned 0 objects. Partition not ready. Sleeping for 45s...
[2026-09-29T13:12:47.000+0000] {custom_partition_sensor.py:58} INFO - [Poke 97/150] Checking bucket 'eu-lake-events' prefix 'raw_transactions/dt=2026-09-29/'...
[2026-09-29T13:12:47.000+0000] {custom_partition_sensor.py:65} INFO - [Poke 97/150] GCS prefix listing returned 0 objects. Partition not ready. Sleeping for 45s...
[2026-09-29T13:13:32.000+0000] {custom_partition_sensor.py:58} INFO - [Poke 98/150] Checking bucket 'eu-lake-events' prefix 'raw_transactions/dt=2026-09-29/'...
[2026-09-29T13:13:32.000+0000] {custom_partition_sensor.py:65} INFO - [Poke 98/150] GCS prefix listing returned 0 objects. Partition not ready. Sleeping for 45s...
[2026-09-29T13:14:17.000+0000] {custom_partition_sensor.py:58} INFO - [Poke 99/150] Checking bucket 'eu-lake-events' prefix 'raw_transactions/dt=2026-09-29/'...
[2026-09-29T13:14:17.000+0000] {custom_partition_sensor.py:65} INFO - [Poke 99/150] GCS prefix listing returned 0 objects. Partition not ready. Sleeping for 45s...
[2026-09-29T13:15:02.000+0000] {custom_partition_sensor.py:58} INFO - [Poke 100/150] Checking bucket 'eu-lake-events' prefix 'raw_transactions/dt=2026-09-29/'...
[2026-09-29T13:15:02.000+0000] {custom_partition_sensor.py:65} INFO - [Poke 100/150] GCS prefix listing returned 0 objects. Partition not ready. Sleeping for 45s...
[2026-09-29T13:15:47.000+0000] {custom_partition_sensor.py:58} INFO - [Poke 101/150] Checking bucket 'eu-lake-events' prefix 'raw_transactions/dt=2026-09-29/'...
[2026-09-29T13:15:47.000+0000] {custom_partition_sensor.py:65} INFO - [Poke 101/150] GCS prefix listing returned 0 objects. Partition not ready. Sleeping for 45s...
[2026-09-29T13:16:32.000+0000] {custom_partition_sensor.py:58} INFO - [Poke 102/150] Checking bucket 'eu-lake-events' prefix 'raw_transactions/dt=2026-09-29/'...
[2026-09-29T13:16:32.000+0000] {custom_partition_sensor.py:65} INFO - [Poke 102/150] GCS prefix listing returned 0 objects. Partition not ready. Sleeping for 45s...
[2026-09-29T13:17:17.000+0000] {custom_partition_sensor.py:58} INFO - [Poke 103/150] Checking bucket 'eu-lake-events' prefix 'raw_transactions/dt=2026-09-29/'...
[2026-09-29T13:17:17.000+0000] {custom_partition_sensor.py:65} INFO - [Poke 103/150] GCS prefix listing returned 0 objects. Partition not ready. Sleeping for 45s...
[2026-09-29T13:18:02.000+0000] {custom_partition_sensor.py:58} INFO - [Poke 104/150] Checking bucket 'eu-lake-events' prefix 'raw_transactions/dt=2026-09-29/'...
[2026-09-29T13:18:02.000+0000] {custom_partition_sensor.py:65} INFO - [Poke 104/150] GCS prefix listing returned 0 objects. Partition not ready. Sleeping for 45s...
[2026-09-29T13:18:47.000+0000] {custom_partition_sensor.py:58} INFO - [Poke 105/150] Checking bucket 'eu-lake-events' prefix 'raw_transactions/dt=2026-09-29/'...
[2026-09-29T13:18:47.000+0000] {custom_partition_sensor.py:65} INFO - [Poke 105/150] GCS prefix listing returned 0 objects. Partition not ready. Sleeping for 45s...
[2026-09-29T13:19:32.000+0000] {custom_partition_sensor.py:58} INFO - [Poke 106/150] Checking bucket 'eu-lake-events' prefix 'raw_transactions/dt=2026-09-29/'...
[2026-09-29T13:19:32.000+0000] {custom_partition_sensor.py:65} INFO - [Poke 106/150] GCS prefix listing returned 0 objects. Partition not ready. Sleeping for 45s...
[2026-09-29T13:20:17.000+0000] {custom_partition_sensor.py:58} INFO - [Poke 107/150] Checking bucket 'eu-lake-events' prefix 'raw_transactions/dt=2026-09-29/'...
[2026-09-29T13:20:17.000+0000] {custom_partition_sensor.py:65} INFO - [Poke 107/150] GCS prefix listing returned 0 objects. Partition not ready. Sleeping for 45s...
[2026-09-29T13:21:02.000+0000] {custom_partition_sensor.py:58} INFO - [Poke 108/150] Checking bucket 'eu-lake-events' prefix 'raw_transactions/dt=2026-09-29/'...
[2026-09-29T13:21:02.000+0000] {custom_partition_sensor.py:65} INFO - [Poke 108/150] GCS prefix listing returned 0 objects. Partition not ready. Sleeping for 45s...
[2026-09-29T13:21:47.000+0000] {custom_partition_sensor.py:58} INFO - [Poke 109/150] Checking bucket 'eu-lake-events' prefix 'raw_transactions/dt=2026-09-29/'...
[2026-09-29T13:21:47.000+0000] {custom_partition_sensor.py:65} INFO - [Poke 109/150] GCS prefix listing returned 0 objects. Partition not ready. Sleeping for 45s...
[2026-09-29T13:22:32.000+0000] {custom_partition_sensor.py:58} INFO - [Poke 110/150] Checking bucket 'eu-lake-events' prefix 'raw_transactions/dt=2026-09-29/'...
[2026-09-29T13:22:32.000+0000] {custom_partition_sensor.py:65} INFO - [Poke 110/150] GCS prefix listing returned 0 objects. Partition not ready. Sleeping for 45s...
[2026-09-29T13:23:17.000+0000] {custom_partition_sensor.py:58} INFO - [Poke 111/150] Checking bucket 'eu-lake-events' prefix 'raw_transactions/dt=2026-09-29/'...
[2026-09-29T13:23:17.000+0000] {custom_partition_sensor.py:65} INFO - [Poke 111/150] GCS prefix listing returned 0 objects. Partition not ready. Sleeping for 45s...
[2026-09-29T13:24:02.000+0000] {custom_partition_sensor.py:58} INFO - [Poke 112/150] Checking bucket 'eu-lake-events' prefix 'raw_transactions/dt=2026-09-29/'...
[2026-09-29T13:24:02.000+0000] {custom_partition_sensor.py:65} INFO - [Poke 112/150] GCS prefix listing returned 0 objects. Partition not ready. Sleeping for 45s...
[2026-09-29T13:24:47.000+0000] {custom_partition_sensor.py:58} INFO - [Poke 113/150] Checking bucket 'eu-lake-events' prefix 'raw_transactions/dt=2026-09-29/'...
[2026-09-29T13:24:47.000+0000] {custom_partition_sensor.py:65} INFO - [Poke 113/150] GCS prefix listing returned 0 objects. Partition not ready. Sleeping for 45s...
[2026-09-29T13:25:32.000+0000] {custom_partition_sensor.py:58} INFO - [Poke 114/150] Checking bucket 'eu-lake-events' prefix 'raw_transactions/dt=2026-09-29/'...
[2026-09-29T13:25:32.000+0000] {custom_partition_sensor.py:65} INFO - [Poke 114/150] GCS prefix listing returned 0 objects. Partition not ready. Sleeping for 45s...
[2026-09-29T13:26:17.000+0000] {custom_partition_sensor.py:58} INFO - [Poke 115/150] Checking bucket 'eu-lake-events' prefix 'raw_transactions/dt=2026-09-29/'...
[2026-09-29T13:26:17.000+0000] {custom_partition_sensor.py:65} INFO - [Poke 115/150] GCS prefix listing returned 0 objects. Partition not ready. Sleeping for 45s...
[2026-09-29T13:27:02.000+0000] {custom_partition_sensor.py:58} INFO - [Poke 116/150] Checking bucket 'eu-lake-events' prefix 'raw_transactions/dt=2026-09-29/'...
[2026-09-29T13:27:02.000+0000] {custom_partition_sensor.py:65} INFO - [Poke 116/150] GCS prefix listing returned 0 objects. Partition not ready. Sleeping for 45s...
[2026-09-29T13:27:47.000+0000] {custom_partition_sensor.py:58} INFO - [Poke 117/150] Checking bucket 'eu-lake-events' prefix 'raw_transactions/dt=2026-09-29/'...
[2026-09-29T13:27:47.000+0000] {custom_partition_sensor.py:65} INFO - [Poke 117/150] GCS prefix listing returned 0 objects. Partition not ready. Sleeping for 45s...
[2026-09-29T13:28:32.000+0000] {custom_partition_sensor.py:58} INFO - [Poke 118/150] Checking bucket 'eu-lake-events' prefix 'raw_transactions/dt=2026-09-29/'...
[2026-09-29T13:28:32.000+0000] {custom_partition_sensor.py:65} INFO - [Poke 118/150] GCS prefix listing returned 0 objects. Partition not ready. Sleeping for 45s...
[2026-09-29T13:29:17.000+0000] {custom_partition_sensor.py:58} INFO - [Poke 119/150] Checking bucket 'eu-lake-events' prefix 'raw_transactions/dt=2026-09-29/'...
[2026-09-29T13:29:17.000+0000] {custom_partition_sensor.py:65} INFO - [Poke 119/150] GCS prefix listing returned 0 objects. Partition not ready. Sleeping for 45s...
[2026-09-29T13:30:02.000+0000] {custom_partition_sensor.py:58} INFO - [Poke 120/150] Checking bucket 'eu-lake-events' prefix 'raw_transactions/dt=2026-09-29/'...
[2026-09-29T13:30:02.000+0000] {custom_partition_sensor.py:65} INFO - [Poke 120/150] GCS prefix listing returned 0 objects. Partition not ready. Sleeping for 45s...
[2026-09-29T13:30:47.000+0000] {custom_partition_sensor.py:58} INFO - [Poke 121/150] Checking bucket 'eu-lake-events' prefix 'raw_transactions/dt=2026-09-29/'...
[2026-09-29T13:30:47.000+0000] {custom_partition_sensor.py:65} INFO - [Poke 121/150] GCS prefix listing returned 0 objects. Partition not ready. Sleeping for 45s...
[2026-09-29T13:31:32.000+0000] {custom_partition_sensor.py:58} INFO - [Poke 122/150] Checking bucket 'eu-lake-events' prefix 'raw_transactions/dt=2026-09-29/'...
[2026-09-29T13:31:32.000+0000] {custom_partition_sensor.py:65} INFO - [Poke 122/150] GCS prefix listing returned 0 objects. Partition not ready. Sleeping for 45s...
[2026-09-29T13:32:17.000+0000] {custom_partition_sensor.py:58} INFO - [Poke 123/150] Checking bucket 'eu-lake-events' prefix 'raw_transactions/dt=2026-09-29/'...
[2026-09-29T13:32:17.000+0000] {custom_partition_sensor.py:65} INFO - [Poke 123/150] GCS prefix listing returned 0 objects. Partition not ready. Sleeping for 45s...
[2026-09-29T13:33:02.000+0000] {custom_partition_sensor.py:58} INFO - [Poke 124/150] Checking bucket 'eu-lake-events' prefix 'raw_transactions/dt=2026-09-29/'...
[2026-09-29T13:33:02.000+0000] {custom_partition_sensor.py:65} INFO - [Poke 124/150] GCS prefix listing returned 0 objects. Partition not ready. Sleeping for 45s...
[2026-09-29T13:33:47.000+0000] {custom_partition_sensor.py:58} INFO - [Poke 125/150] Checking bucket 'eu-lake-events' prefix 'raw_transactions/dt=2026-09-29/'...
[2026-09-29T13:33:47.000+0000] {custom_partition_sensor.py:65} INFO - [Poke 125/150] GCS prefix listing returned 0 objects. Partition not ready. Sleeping for 45s...
[2026-09-29T13:34:32.000+0000] {custom_partition_sensor.py:58} INFO - [Poke 126/150] Checking bucket 'eu-lake-events' prefix 'raw_transactions/dt=2026-09-29/'...
[2026-09-29T13:34:32.000+0000] {custom_partition_sensor.py:65} INFO - [Poke 126/150] GCS prefix listing returned 0 objects. Partition not ready. Sleeping for 45s...
[2026-09-29T13:35:17.000+0000] {custom_partition_sensor.py:58} INFO - [Poke 127/150] Checking bucket 'eu-lake-events' prefix 'raw_transactions/dt=2026-09-29/'...
[2026-09-29T13:35:17.000+0000] {custom_partition_sensor.py:65} INFO - [Poke 127/150] GCS prefix listing returned 0 objects. Partition not ready. Sleeping for 45s...
[2026-09-29T13:36:02.000+0000] {custom_partition_sensor.py:58} INFO - [Poke 128/150] Checking bucket 'eu-lake-events' prefix 'raw_transactions/dt=2026-09-29/'...
[2026-09-29T13:36:02.000+0000] {custom_partition_sensor.py:65} INFO - [Poke 128/150] GCS prefix listing returned 0 objects. Partition not ready. Sleeping for 45s...
[2026-09-29T13:36:47.000+0000] {custom_partition_sensor.py:58} INFO - [Poke 129/150] Checking bucket 'eu-lake-events' prefix 'raw_transactions/dt=2026-09-29/'...
[2026-09-29T13:36:47.000+0000] {custom_partition_sensor.py:65} INFO - [Poke 129/150] GCS prefix listing returned 0 objects. Partition not ready. Sleeping for 45s...
[2026-09-29T13:37:32.000+0000] {custom_partition_sensor.py:58} INFO - [Poke 130/150] Checking bucket 'eu-lake-events' prefix 'raw_transactions/dt=2026-09-29/'...
[2026-09-29T13:37:32.000+0000] {custom_partition_sensor.py:65} INFO - [Poke 130/150] GCS prefix listing returned 0 objects. Partition not ready. Sleeping for 45s...
[2026-09-29T13:38:17.000+0000] {custom_partition_sensor.py:58} INFO - [Poke 131/150] Checking bucket 'eu-lake-events' prefix 'raw_transactions/dt=2026-09-29/'...
[2026-09-29T13:38:17.000+0000] {custom_partition_sensor.py:65} INFO - [Poke 131/150] GCS prefix listing returned 0 objects. Partition not ready. Sleeping for 45s...
[2026-09-29T13:39:02.000+0000] {custom_partition_sensor.py:58} INFO - [Poke 132/150] Checking bucket 'eu-lake-events' prefix 'raw_transactions/dt=2026-09-29/'...
[2026-09-29T13:39:02.000+0000] {custom_partition_sensor.py:65} INFO - [Poke 132/150] GCS prefix listing returned 0 objects. Partition not ready. Sleeping for 45s...
[2026-09-29T13:39:47.000+0000] {custom_partition_sensor.py:58} INFO - [Poke 133/150] Checking bucket 'eu-lake-events' prefix 'raw_transactions/dt=2026-09-29/'...
[2026-09-29T13:39:47.000+0000] {custom_partition_sensor.py:65} INFO - [Poke 133/150] GCS prefix listing returned 0 objects. Partition not ready. Sleeping for 45s...
[2026-09-29T13:40:32.000+0000] {custom_partition_sensor.py:58} INFO - [Poke 134/150] Checking bucket 'eu-lake-events' prefix 'raw_transactions/dt=2026-09-29/'...
[2026-09-29T13:40:32.000+0000] {custom_partition_sensor.py:65} INFO - [Poke 134/150] GCS prefix listing returned 0 objects. Partition not ready. Sleeping for 45s...
[2026-09-29T13:41:17.000+0000] {custom_partition_sensor.py:58} INFO - [Poke 135/150] Checking bucket 'eu-lake-events' prefix 'raw_transactions/dt=2026-09-29/'...
[2026-09-29T13:41:17.000+0000] {custom_partition_sensor.py:65} INFO - [Poke 135/150] GCS prefix listing returned 0 objects. Partition not ready. Sleeping for 45s...
[2026-09-29T13:42:02.000+0000] {custom_partition_sensor.py:58} INFO - [Poke 136/150] Checking bucket 'eu-lake-events' prefix 'raw_transactions/dt=2026-09-29/'...
[2026-09-29T13:42:02.000+0000] {custom_partition_sensor.py:65} INFO - [Poke 136/150] GCS prefix listing returned 0 objects. Partition not ready. Sleeping for 45s...
[2026-09-29T13:42:47.000+0000] {custom_partition_sensor.py:58} INFO - [Poke 137/150] Checking bucket 'eu-lake-events' prefix 'raw_transactions/dt=2026-09-29/'...
[2026-09-29T13:42:47.000+0000] {custom_partition_sensor.py:65} INFO - [Poke 137/150] GCS prefix listing returned 0 objects. Partition not ready. Sleeping for 45s...
[2026-09-29T13:43:32.000+0000] {custom_partition_sensor.py:58} INFO - [Poke 138/150] Checking bucket 'eu-lake-events' prefix 'raw_transactions/dt=2026-09-29/'...
[2026-09-29T13:43:32.000+0000] {custom_partition_sensor.py:65} INFO - [Poke 138/150] GCS prefix listing returned 0 objects. Partition not ready. Sleeping for 45s...
[2026-09-29T13:44:17.000+0000] {custom_partition_sensor.py:58} INFO - [Poke 139/150] Checking bucket 'eu-lake-events' prefix 'raw_transactions/dt=2026-09-29/'...
[2026-09-29T13:44:17.000+0000] {custom_partition_sensor.py:65} INFO - [Poke 139/150] GCS prefix listing returned 0 objects. Partition not ready. Sleeping for 45s...
[2026-09-29T13:45:02.000+0000] {custom_partition_sensor.py:58} INFO - [Poke 140/150] Checking bucket 'eu-lake-events' prefix 'raw_transactions/dt=2026-09-29/'...
[2026-09-29T13:45:02.000+0000] {custom_partition_sensor.py:65} INFO - [Poke 140/150] GCS prefix listing returned 0 objects. Partition not ready. Sleeping for 45s...
[2026-09-29T13:45:47.000+0000] {custom_partition_sensor.py:58} INFO - [Poke 141/150] Checking bucket 'eu-lake-events' prefix 'raw_transactions/dt=2026-09-29/'...
[2026-09-29T13:45:47.000+0000] {custom_partition_sensor.py:65} INFO - [Poke 141/150] GCS prefix listing returned 0 objects. Partition not ready. Sleeping for 45s...
[2026-09-29T13:46:32.000+0000] {custom_partition_sensor.py:58} INFO - [Poke 142/150] Checking bucket 'eu-lake-events' prefix 'raw_transactions/dt=2026-09-29/'...
[2026-09-29T13:46:32.000+0000] {custom_partition_sensor.py:65} INFO - [Poke 142/150] GCS prefix listing returned 0 objects. Partition not ready. Sleeping for 45s...
[2026-09-29T13:47:17.000+0000] {custom_partition_sensor.py:58} INFO - [Poke 143/150] Checking bucket 'eu-lake-events' prefix 'raw_transactions/dt=2026-09-29/'...
[2026-09-29T13:47:17.000+0000] {custom_partition_sensor.py:65} INFO - [Poke 143/150] GCS prefix listing returned 0 objects. Partition not ready. Sleeping for 45s...
[2026-09-29T13:48:02.000+0000] {custom_partition_sensor.py:58} INFO - [Poke 144/150] Checking bucket 'eu-lake-events' prefix 'raw_transactions/dt=2026-09-29/'...
[2026-09-29T13:48:02.000+0000] {custom_partition_sensor.py:65} INFO - [Poke 144/150] GCS prefix listing returned 0 objects. Partition not ready. Sleeping for 45s...
[2026-09-29T13:48:47.000+0000] {custom_partition_sensor.py:58} INFO - [Poke 145/150] Checking bucket 'eu-lake-events' prefix 'raw_transactions/dt=2026-09-29/'...
[2026-09-29T13:48:47.000+0000] {custom_partition_sensor.py:65} INFO - [Poke 145/150] GCS prefix listing returned 0 objects. Partition not ready. Sleeping for 45s...
[2026-09-29T13:49:32.000+0000] {custom_partition_sensor.py:58} INFO - [Poke 146/150] Checking bucket 'eu-lake-events' prefix 'raw_transactions/dt=2026-09-29/'...
[2026-09-29T13:49:32.000+0000] {custom_partition_sensor.py:65} INFO - [Poke 146/150] GCS prefix listing returned 0 objects. Partition not ready. Sleeping for 45s...
[2026-09-29T13:50:17.000+0000] {custom_partition_sensor.py:58} INFO - [Poke 147/150] Checking bucket 'eu-lake-events' prefix 'raw_transactions/dt=2026-09-29/'...
[2026-09-29T13:50:17.000+0000] {custom_partition_sensor.py:65} INFO - [Poke 147/150] GCS prefix listing returned 0 objects. Partition not ready. Sleeping for 45s...
[2026-09-29T13:51:02.000+0000] {custom_partition_sensor.py:58} INFO - [Poke 148/150] Checking bucket 'eu-lake-events' prefix 'raw_transactions/dt=2026-09-29/'...
[2026-09-29T13:51:02.000+0000] {custom_partition_sensor.py:65} INFO - [Poke 148/150] GCS prefix listing returned 0 objects. Partition not ready. Sleeping for 45s...
[2026-09-29T13:51:47.000+0000] {custom_partition_sensor.py:58} INFO - [Poke 149/150] Checking bucket 'eu-lake-events' prefix 'raw_transactions/dt=2026-09-29/'...
[2026-09-29T13:51:47.000+0000] {custom_partition_sensor.py:65} INFO - [Poke 149/150] GCS prefix listing returned 0 objects. Partition not ready. Sleeping for 45s...
[2026-09-29T13:52:32.000+0000] {custom_partition_sensor.py:58} INFO - [Poke 150/150] Checking bucket 'eu-lake-events' prefix 'raw_transactions/dt=2026-09-29/'...
[2026-09-29T13:52:32.000+0000] {custom_partition_sensor.py:65} INFO - [Poke 150/150] GCS prefix listing returned 0 objects. Partition not ready. Sleeping for 45s...
[2026-09-29T13:52:42.000+0000] {taskinstance.py:1898} ERROR - AirflowSensorTimeout: Sensor has timed out after 7200 seconds.
[2026-09-29T13:52:42.000+0000] {taskinstance.py:1406} ERROR - Marking task as FAILED.
[2026-09-29T13:52:42.000+0000] {taskinstance.py:1467} INFO - Invoking failure callback: send_alert_to_airdoctor